     1                                  ; =================================================================
     2                                  ; V53 Monitor System v0.7 2026-01-31
     3                                  ; Target: V53 VME Board & DOSBox-X Simulation
     4                                  ; =================================================================
     5                                  
     6                                  ; --- ビルド方法 ---
     7                                  ; DOSBox: nasm -f bin -dSIM v53_ram_mon.asm -o v53_ram_mon.com -l v53_ram_mon.lst
     8                                  ; Real:   nasm -f bin v53_ram_mon.asm -o v53_ram_mon.bin -l v53_ram_mon.lst
     9                                  ; -----------------
    10                                  
    11                                  ; ==========================================
    12                                  ; V53 System Register
    13                                  ; ==========================================
    14                                  %define SCTL    0x0FFFE ; システム・コントロール・レジスタ
    15                                  %define OPSEL   0x0FFFD ; 内蔵ペリフェラル選択レジスタ
    16                                  %define OPHA    0x0FFFC ; 内蔵ペリフェラル・リロケーション・レジスタ
    17                                  %define DULA    0x0FFFB ; 
    18                                  %define IULA    0x0FFFA ; ICUリロケーション・レジスタ
    19                                  %define TULA    0x0FFF9 ; TCUリロケーション・レジスタ
    20                                  %define SULA    0x0FFF8 ; SCUリロケーション・レジスタ 
    21                                  %define WCY4    0x0FFF6 ; プログラマブル・ウェイト・サイクル数設定レジスタ4
    22                                  %define WCY3    0x0FFF5 ; プログラマブル・ウェイト・サイクル数設定レジスタ3
    23                                  %define WCY2    0x0FFF4 ; プログラマブル・ウェイト・サイクル数設定レジスタ2
    24                                  %define WMB1    0x0FFF3 ; プログラマブル・ウェイト・メモリ領域設定レジスタ1
    25                                  %define RFC     0x0FFF2 ; リフレッシュ・コントロール・レジスタ
    26                                  %define SBCR    0x0FFF1 ; 
    27                                  %define TCKS    0x0FFF0 ; タイマー・クロック選択レジスタ
    28                                  %define WAC     0x0FFED ; プログラマブル・ウェイト・メモリ・アドレス・コントロール・レジスタ
    29                                  %define WCY0    0x0FFEC ; プログラマブル・ウェイト・サイクル数設定レジスタ0
    30                                  %define WCY1    0x0FFEB ; プログラマブル・ウェイト・サイクル数設定レジスタ1
    31                                  %define WMB0    0x0FFEA ; プログラマブル・ウェイト・メモリ領域設定レジスタ0
    32                                  %define BRC     0x0FFE9 ; ボー・レート・カウンタ
    33                                  %define BADR    0x0FFE1 ; 
    34                                  %define BSEL    0x0FFE0 ; 
    35                                  %define XAM     0x0FF80 ; 
    36                                  %define PGR     0x0FF00 ; 
    37                                  
    38                                  
    39                                  
    40                                  %ifdef SIM
    41                                      ; --- Simulation Mode ---
    42                                      org 0x100
    43                                      cpu 186
    44                                  
    45                                      %define SCU_DATA   0x3F8
    46                                      %define SCU_SST    0x3FD
    47                                      %define TX_READY    0x20                                 
    48                                      %define RX_READY    0x01
    49                                  %else
    50                                      ; --- Real Hardware Mode ---
    51                                      org 0
    52                                      cpu 186
    53                                  
    54                                      ; V53 SCU (1260Hに配置）
    55                                      %define SCU_DATA    0x01260 ; 送受データ・レジスタ(R:SRB/W:STB)
    56                                      %define SCU_SST     0x01261 ; ステータス・レジスタ(R:SST)
    57                                      %define SCU_SCM     0x01261 ; コマンドレジスタ(W:SCM)
    58                                      %define SCU_SMD     0x01262 ; シリアルモード設定(W:SMD)
    59                                      %define SCU_SIMK    0x01263 ; シリアル割り込みマスクレジスタ(R/W:SIMK)
    60                                      %define TX_READY    00000001b   ; TBRDY                                 
    61                                      %define RX_READY    00000010b   ; RBRDY
    62                                  
    63                                      ; V53 TCU (1270Hに配置)
    64                                      %define TM0_CNT     0x01270 ; Timer 0 Counter
    65                                      %define TM1_CNT     0x01271 ; Timer 1 Counter
    66                                      %define TM2_CNT     0x01272 ; Timer 2 Counter
    67                                      %define TM_CTL      0x01273 ; Timer Control
    68                                  
    69                                      ; V53 ICU (1280Hに配置)
    70                                      %define ICU_REG0    0x01280
    71                                      %define ICU_REG1    0x01281
    72                                      
    73                                      ;-----------------------------------------
    74                                      ; V53 VME Board ペリフェラル
    75                                      ;-----------------------------------------
    76                                      %define USART_DATA  0x00d8  ; μPD71051 (USART)	Data Register
    77                                      %define USART_CMD   0x00da  ; μPD71051 (USART)	Cmd/Status
    78                                  
    79                                      %define PIC_REG0    0x00c8  ; μPD71059 (PIC)	IRR/ISR/IW1/PCFW/MCW	
    80                                      %define PIC_REG1    0x00cA  ; μPD71059 (PIC)	IMR/IW2/IW3/IW4
    81                                  
    82                                      %define PPI_PORTA   0x00e0  ; μPD71055 (PPI)	Port A	
    83                                      %define PPI_PORTB   0x00e2  ; μPD71055 (PPI)	Port B	
    84                                      %define PPI_PORTC   0x00e4	; μPD71055 (PPI)	Port C	
    85                                      %define PPI_CTRL    0x00e6  ; μPD71055 (PPI)	Control
    86                                  %endif
    87                                  
    88                                  section .text
    89                                  
    90                                  start:
    91                                  %ifdef SIM
    92                                      xor ax, ax
    93                                      mov es, ax
    94                                  %else
    95 00000000 FA                          cli             ; 初期化中は割り込み禁止
    96                                  
    97                                      ; --- 【重要】スタックの初期化 ---
    98                                      ; 現在のセグメント (CS=2000h) の末尾 (FFFEh) にスタックを移動させます。
    99                                      ; これでコード領域との衝突を回避します。
   100 00000001 8CC8                        mov ax, cs
   101 00000003 8ED0                        mov ss, ax
   102 00000005 BCFEFF                      mov sp, 0xFFFE
   103                                      ; ------------------------------
   104                                  
   105                                      ;==============================================
   106                                      ; ABORT (NMI) Handler Setup 
   107                                      ;==============================================
   108                                  Init_NMI:
   109                                      ; 割り込みベクタテーブル (Vector 2 = NMI) の書き換え
   110 00000008 31C0                        xor  ax, ax
   111 0000000A 8EC0                        mov  es, ax          ; ES = 0000h
   112                                      
   113 0000000C BF0800                      mov  di, 0x0008      ; Vector 2 Address offset
   114 0000000F B8[B504]                    mov  ax, NMI_Handler ; ハンドラのアドレス (IP)
   115 00000012 AB                          stosw                ; [0000:0008] = AX
   116 00000013 8CC8                        mov  ax, cs          ; 現在のCS
   117 00000015 AB                          stosw                ; [0000:000A] = CS
   118                                  
   119                                      ; ICU割り込みベクタの登録 (0x20 - 0x27)
   120                                      
   121                                      ; Vector 20h (ICU INTP0)
   122 00000016 BF8000                      mov  di, 0x0080      ; 0x20 * 4 = 80h
   123 00000019 B8[4405]                    mov  ax, _isr_stub_20
   124 0000001C AB                          stosw
   125 0000001D 8CC8                        mov  ax, cs
   126 0000001F AB                          stosw
   127                                  
   128                                      ; Vector 21h (ICU INTP1)
   129 00000020 BF8400                      mov  di, 0x0084
   130 00000023 B8[4805]                    mov  ax, _isr_stub_21
   131 00000026 AB                          stosw
   132 00000027 8CC8                        mov  ax, cs
   133 00000029 AB                          stosw
   134                                  
   135                                      ; Vector 22h (ICU INTP2)
   136 0000002A BF8800                      mov  di, 0x0088
   137 0000002D B8[4C05]                    mov  ax, _isr_stub_22
   138 00000030 AB                          stosw
   139 00000031 8CC8                        mov  ax, cs
   140 00000033 AB                          stosw
   141                                  
   142                                      ; Vector 23h (ICU INTP3)
   143 00000034 BF8C00                      mov  di, 0x008C
   144 00000037 B8[5005]                    mov  ax, _isr_stub_23
   145 0000003A AB                          stosw
   146 0000003B 8CC8                        mov  ax, cs
   147 0000003D AB                          stosw
   148                                  
   149                                      ; Vector 24h (ICU INTP4)
   150 0000003E BF9000                      mov  di, 0x0090
   151 00000041 B8[5405]                    mov  ax, _isr_stub_24
   152 00000044 AB                          stosw
   153 00000045 8CC8                        mov  ax, cs
   154 00000047 AB                          stosw
   155                                  
   156                                      ; Vector 25h (ICU INTP5)
   157 00000048 BF9400                      mov  di, 0x0094
   158 0000004B B8[5805]                    mov  ax, _isr_stub_25
   159 0000004E AB                          stosw
   160 0000004F 8CC8                        mov  ax, cs
   161 00000051 AB                          stosw
   162                                  
   163                                      ; Vector 26h (ICU INTP6)
   164 00000052 BF9800                      mov  di, 0x0098
   165 00000055 B8[5C05]                    mov  ax, _isr_stub_26
   166 00000058 AB                          stosw
   167 00000059 8CC8                        mov  ax, cs
   168 0000005B AB                          stosw
   169                                  
   170                                      ; Vector 27h (ICU INTP7 <-- PIC)
   171                                      ; PIC用割り込みベクタテーブル
   172 0000005C BF9C00                      mov  di, 0x009c      ; Vector 27h Address offset
   173 0000005F B8[6005]                    mov  ax, _tick_handler ; Tick割り込みハンドラのアドレス (IP)
   174 00000062 AB                          stosw                ; [0000:009c] = AX
   175 00000063 8CC8                        mov  ax, cs          ; 現在のCS
   176 00000065 AB                          stosw                ; [0000:009e] = CS
   177                                  
   178                                      ; ---------------------------------------------
   179                                      ; 1. セグメントレジスタ初期化
   180                                      ; CS=DS=ES を想定
   181                                      ; ---------------------------------------------
   182 00000066 0E                          push cs
   183 00000067 1F                          pop ds
   184 00000068 0E                          push cs
   185 00000069 07                          pop es
   186                                      ; スタックは簡易モニタのものをそのまま使う
   187                                  
   188                                      ;------------------------------------------
   189                                      ; TCUの追加設定
   190                                      ;------------------------------------------
   191                                      ; 1. 内蔵周辺機能の有効化 (OPSEL)
   192                                      ;------------------------------------------
   193 0000006A BAFDFF                      mov  dx, OPSEL
   194 0000006D EC                          in   al, dx
   195 0000006E 0C04                        or   al, 00000100b   ; Bit 2 (TCU) をセット
   196 00000070 EE                          out  dx, al
   197                                  
   198                                      ;------------------------------------------
   199                                      ; 2. レジスタ配置アドレスの設定 (TULA)
   200                                      ;------------------------------------------
   201 00000071 BAF9FF                      mov dx, TULA
   202 00000074 B070                        mov al, 0x70    ; 下位アドレス
   203 00000076 EE                          out dx, al
   204                                  
   205                                      ;------------------------------------------
   206                                      ; 3. TCKS: タイマクロック入力選択
   207                                      ;------------------------------------------
   208 00000077 BAF0FF                      mov  dx, TCKS
   209 0000007A B01C                        mov  al, 00011100b   ; Timer1: TCLK端子入力使用
   210 0000007C EE                          out  dx, al
   211                                  
   212                                      ;------------------------------------------
   213                                      ; 3. タイマー初期化 (Mode 3 / Square Wave)
   214                                      ;------------------------------------------
   215 0000007D BA7312                      mov  dx, TM_CTL
   216                                  
   217                                      ; --- Timer 0 Setup ---
   218 00000080 B036                        mov  al, 0x36         ; Mode 3, Binary, LSB/MSB
   219 00000082 EE                          out  dx, al
   220                                      
   221                                      ; --- Timer 1 Setup ---
   222 00000083 B076                        mov  al, 0x76         ; Mode 3, Binary, LSB/MSB
   223 00000085 EE                          out  dx, al
   224                                  
   225                                      ; --- Timer 2 Setup ---
   226 00000086 B0B6                        mov  al, 0xb6         ; Mode 3, Binary, LSB/MSB
   227 00000088 EE                          out  dx, al
   228                                  
   229                                      ;------------------------------------------
   230                                      ; 4. カウンタ値 (分周比) のロード
   231                                      ;------------------------------------------
   232                                      ; Timer 0 (INTP0)
   233                                      ; 1.2288MHz / 12288 = 100Hz
   234 00000089 BA7012                      mov  dx, TM0_CNT
   235 0000008C B000                        mov  al, 0x00
   236 0000008E EE                          out  dx, al
   237 0000008F B030                        mov  al, 0x30
   238 00000091 EE                          out  dx, al
   239                                  
   240                                      ; Timer 1 (INTP2)
   241                                      ; 1.2288MHz / 61440 = 20Hz
   242 00000092 BA7112                      mov  dx, TM1_CNT
   243 00000095 B000                        mov  al, 0x00
   244 00000097 EE                          out  dx, al
   245 00000098 B0F0                        mov  al, 0xF0
   246 0000009A EE                          out  dx, al
   247                                  
   248                                      ; Timer 2 (USART Tx/RxCLK)
   249                                      ; 1.2288MHz / 4 = 307.20KHz
   250                                      ; USART CLOCK 19200bps
   251 0000009B BA7212                      mov  dx, TM2_CNT
   252 0000009E B004                        mov  al, 4
   253 000000A0 EE                          out  dx, al
   254 000000A1 B000                        mov  al, 0
   255 000000A3 EE                          out  dx, al
   256                                  
   257                                      ;------------------------------------------
   258                                      ; μPD71051 (USART) 初期化
   259                                      ;------------------------------------------
   260 000000A4 B000                        mov al, 0
   261 000000A6 E6DA                        out USART_CMD, al
   262                                   
   263 000000A8 F7E1                        mul cx              ; wait
   264 000000AA F7E1                        mul cx              ; wait
   265 000000AC E6DA                        out USART_CMD, al
   266                                   
   267 000000AE F7E1                        mul cx              ; wait
   268 000000B0 F7E1                        mul cx              ; wait
   269 000000B2 E6DA                        out USART_CMD, al
   270                                   
   271 000000B4 F7E1                        mul cx              ; wait
   272 000000B6 F7E1                        mul cx              ; wait
   273 000000B8 B040                        mov al, 0x40        ; reset
   274 000000BA E6DA                        out USART_CMD, al
   275                                   
   276 000000BC F7E1                        mul cx              ; wait
   277 000000BE F7E1                        mul cx              ; wait
   278 000000C0 B04E                        mov al, 0x4e        ; set mode
   279 000000C2 E6DA                        out USART_CMD, al
   280                                   
   281 000000C4 F7E1                        mul cx              ; wait
   282 000000C6 F7E1                        mul cx              ; wait
   283 000000C8 B037                        mov al, 0x37        ; rx,tx ready
   284 000000CA E6DA                        out USART_CMD, al
   285                                  
   286                                      ;------------------------------------------
   287                                      ; μPD71059 (PIC) 初期化
   288                                      ;------------------------------------------
   289 000000CC B013                        mov al, 13h         ; ICW1: Edge, Single, ICW4 needed
   290 000000CE E6C8                        out PIC_REG0, al
   291                                  
   292 000000D0 B020                        mov al, 20h         ; ICW2: Vector Offset = 20h (INT 32)
   293 000000D2 E6CA                        out PIC_REG1, al
   294                                                          ; ICW3 is skipped in Single Mode
   295 000000D4 B001                        mov al, 01h         ; ICW4: 8086 Mode, Normal EOI
   296 000000D6 E6CA                        out PIC_REG1, al
   297                                  
   298 000000D8 B0FE                        mov al, 0FEh        ; OCW1: Unmask IR0 (Timer) only. (1111 1110)
   299 000000DA E6CA                        out PIC_REG1, al
   300                                  
   301                                      ;------------------------------------------
   302                                      ; ICUの追加設定
   303                                      ;------------------------------------------
   304                                      ; 1. 内蔵周辺機能の有効化 (OPSEL)
   305                                      ;------------------------------------------
   306 000000DC BAFDFF                      mov  dx, OPSEL
   307 000000DF EC                          in   al, dx
   308 000000E0 0C02                        or   al, 00000010b   ; Bit 1 (ICU) をセット
   309 000000E2 EE                          out  dx, al
   310                                  
   311                                      ;------------------------------------------
   312                                      ; 2. レジスタ配置アドレスの設定 (IULA)
   313                                      ;------------------------------------------
   314 000000E3 BAFAFF                      mov dx, IULA
   315 000000E6 B080                        mov al, 0x80    ; 下位アドレス
   316 000000E8 EE                          out dx, al
   317                                  
   318                                      ;------------------------------------------
   319                                      ; 3. 割り込みマスクの設定 (Enable INTP7)
   320                                      ;------------------------------------------
   321 000000E9 BA8012                      mov dx, ICU_REG0
   322 000000EC B013                        mov al, 13h     ; ICW1: Edge, Single, ICW4 needed
   323 000000EE EE                          out dx, al
   324                                  
   325 000000EF BA8112                      mov dx, ICU_REG1
   326 000000F2 B020                        mov al, 20h     ; ICW2: Vector Offset = 20h (INT 32)
   327 000000F4 EE                          out dx, al
   328                                                      ; ICW3 is skipped in Single Mode
   329 000000F5 B001                        mov al, 01h     ; ICW4: 8086 Mode, Normal EOI
   330 000000F7 EE                          out dx, al
   331                                  
   332                                      ; Bit 7 (INTP7) を 0 (許可) にその他は禁止します。
   333 000000F8 B07F                        mov al, 7Fh     ; 0111 1111
   334 000000FA EE                          out dx, al
   335                                  
   336                                      ;-------------------------------------------
   337                                      ; 割り込み許可
   338                                      ;-------------------------------------------
   339 000000FB FB                          sti
   340                                  
   341                                   %endif
   342                                  
   343                                      ; 変数初期化 (RAMエリアをクリア)
   344 000000FC C706[FA06]0000              mov word [dump_seg], 0x0000
   345 00000102 C706[FC06]0000              mov word [dump_off], 0x0000
   346 00000108 C706[FE06]0020              mov word [load_seg], 0x2000
   347                                  
   348                                      ; スタートメッセージの表示
   349 0000010E BE[7B05]                    mov si, msg_boot
   350 00000111 E8E702                      call puts
   351                                  
   352                                  ; =================================================================
   353                                  ; Main Loop
   354                                  ; =================================================================
   355                                  monitor_loop:
   356 00000114 B03E                        mov al, '>'
   357 00000116 E8F002                      call putc
   358 00000119 B020                        mov al, ' '
   359 0000011B E8EB02                      call putc
   360                                  
   361 0000011E E80A03                      call getc_echo  ; コマンド受信（エコーあり）
   362 00000121 88C3                        mov bl, al
   363                                      
   364 00000123 80FB64                      cmp bl, 'd'     ; dump command
   365 00000126 747A                        je do_dump
   366 00000128 80FB44                      cmp bl, 'D'
   367 0000012B 7475                        je do_dump
   368                                      
   369 0000012D 80FB6C                      cmp bl, 'l'     ; load command
   370 00000130 7503E9D000                  je do_load
   371 00000135 80FB4C                      cmp bl, 'L'
   372 00000138 7503E9C800                  je do_load
   373                                      
   374 0000013D 80FB67                      cmp bl, 'g'     ; go command
   375 00000140 7503E93B01                  je do_go
   376 00000145 80FB47                      cmp bl, 'G'
   377 00000148 7503E93301                  je do_go
   378                                  
   379 0000014D 80FB77                      cmp bl, 'w'     ; Write command
   380 00000150 7503E95701                  je do_write
   381 00000155 80FB57                      cmp bl, 'W'
   382 00000158 7503E94F01                  je do_write
   383                                  
   384 0000015D 3C69                        cmp al, 'i'     ; Input Port command
   385 0000015F 7503E98B01                  je do_in
   386 00000164 3C49                        cmp al, 'I'
   387 00000166 7503E98401                  je do_in
   388                                  
   389 0000016B 3C6F                        cmp al, 'o'     ; Output Port command
   390 0000016D 7503E9A101                  je do_out
   391 00000172 3C4F                        cmp al, 'O'
   392 00000174 7503E99A01                  je do_out
   393                                  
   394 00000179 3C73                        cmp al, 's'     ; Scan I/O command
   395 0000017B 7503E9BA01                  je do_scan
   396 00000180 3C53                        cmp al, 'S'
   397 00000182 7503E9B301                  je do_scan
   398                                  
   399 00000187 3C74                        cmp al, 't'     ; Scan Timer wait command
   400 00000189 7503E91E02                  je do_timer
   401 0000018E 3C54                        cmp al, 'T'
   402 00000190 7503E91702                  je do_timer
   403                                  
   404 00000195 3C3F                        cmp al, '?'     ; Help
   405 00000197 7503E95302                  je cmd_help
   406                                  
   407                                      ; 知らないコマンドなら改行して戻る
   408 0000019C E89502                      call putc_crlf
   409 0000019F E972FF                      jmp monitor_loop
   410                                  
   411                                  ; =================================================================
   412                                  ; Command: Dump Memory
   413                                  ; Usage:
   414                                  ;   D               -> Dump next 64 bytes
   415                                  ;   D <Seg> <Off>   -> Set address and dump (e.g., D 0000 8000)
   416                                  ; =================================================================
   417                                  do_dump:
   418 000001A2 E88602                      call getc_echo      ; 区切り文字受信 (Space or Enter)
   419 000001A5 3C0D                        cmp al, 0x0D        ; Enterならすぐ実行
   420 000001A7 7418                        je .dump_run
   421 000001A9 3C20                        cmp al, ' '         ; Spaceなら引数解析
   422 000001AB 7405                        je .parse_args
   423                                      
   424                                      ; それ以外なら無視して実行へ（またはエラー処理）
   425 000001AD E88402                      call putc_crlf
   426 000001B0 EB12                        jmp .dump_run_start
   427                                  
   428                                  .parse_args:
   429 000001B2 E8AD02                      call get_hex_word
   430 000001B5 A3[FA06]                    mov [dump_seg], ax
   431 000001B8 E8ED02                      call skip_space
   432 000001BB E8A402                      call get_hex_word
   433 000001BE A3[FC06]                    mov [dump_off], ax
   434                                      ; ここでEnter待ちをするか、そのまま実行するか
   435                                      ; 今回はパラメータ入力後にEnterを押したと仮定して改行
   436                                      
   437                                  .dump_run:
   438 000001C1 E87002                      call putc_crlf              ; 実行直前に改行
   439                                  
   440                                  .dump_run_start:
   441 000001C4 B90400                      mov cx, 4                   ; 4行表示する
   442                                      
   443                                  .line_loop:
   444 000001C7 51                          push cx
   445                                      
   446 000001C8 A1[FA06]                    mov ax, [dump_seg]          ; セグメントの表示
   447 000001CB E86F02                      call print_hex_word
   448 000001CE B03A                        mov al, ':'                 ; 区切り文字の:を表示
   449 000001D0 E83602                      call putc
   450 000001D3 A1[FC06]                    mov ax, [dump_off]          ; オフセットの表示
   451 000001D6 E86402                      call print_hex_word
   452 000001D9 B020                        mov al, ' '                 ; 区切り文字のスペースを表示
   453 000001DB E82B02                      call putc
   454                                  
   455 000001DE 8B36[FC06]                  mov si, [dump_off]          ; DS変更前に、モニタ変数からオフセットをSIにロード
   456                                  
   457 000001E2 1E                          push ds                     ; モニタのDSを保存
   458 000001E3 8E1E[FA06]                  mov ds, [dump_seg]          ; DSをターゲットセグメントに変更
   459                                      
   460 000001E7 B91000                      mov cx, 16                  ; 16回繰り返すカウンタ
   461                                  .hex_loop:
   462 000001EA 8A04                        mov al, [si]
   463 000001EC E85502                      call print_hex_byte         ; メモリ内容の表示
   464 000001EF B020                        mov al, ' '                 ; 区切り文字のスペースを表示
   465 000001F1 E81502                      call putc
   466 000001F4 46                          inc si                      ; 次のアドレスにする
   467 000001F5 E2F3                        loop .hex_loop              ; 16回繰り返し    
   468                                  
   469 000001F7 1F                          pop ds                      ; DSをモニタ用に戻す
   470                                  
   471 000001F8 8936[FC06]                  mov [dump_off], si          ; DS復帰後に、SIの値をモニタ変数に保存
   472                                  
   473 000001FC E83502                      call putc_crlf              ; 改行する
   474 000001FF 59                          pop cx
   475 00000200 E2C5                        loop .line_loop             ; 4回繰り返す
   476                                      
   477 00000202 E90FFF                      jmp monitor_loop            ; モニタのメインルーチンに飛ぶ
   478                                  
   479                                  ; =================================================================
   480                                  ; Command: Load Intel HEX
   481                                  ; Usage:
   482                                  ;   L           -> Load to default segment (load_seg)
   483                                  ;   L <Seg>     -> Set segment and Load (e.g., L 2000)
   484                                  ; =================================================================
   485                                  do_load:
   486                                      ; 一時的に ES をロード先にするため、デフォルト値をAXへ退避
   487 00000205 A1[FE06]                    mov ax, [load_seg]
   488 00000208 06                          push es             ; RAM用ESを保存
   489 00000209 50                          push ax             ; デフォルトセグメントを保存
   490                                      
   491 0000020A E81E02                      call getc_echo
   492 0000020D 3C20                        cmp al, ' '         ; スペースがあればパラメタ付きと判断
   493 0000020F 7402                        je .parse_seg
   494 00000211 EB05                        jmp .start_load
   495                                  
   496                                  .parse_seg:
   497 00000213 58                          pop ax              ; 不要になったデフォルトを捨てる
   498 00000214 E84B02                      call get_hex_word   ; 新しいセグメント取得
   499 00000217 50                          push ax             ; 保存
   500                                  
   501                                  .start_load:
   502 00000218 E81902                      call putc_crlf      ; メッセージ表示前に改行
   503 0000021B BE[A705]                    mov si, msg_load    ; ロード開始メッセージを表示
   504 0000021E E8DA01                      call puts
   505                                      
   506 00000221 58                          pop ax
   507 00000222 8EC0                        mov es, ax          ; ロード先をESに設定
   508                                      
   509                                      ; ターゲット表示
   510 00000224 E81602                      call print_hex_word ; ESの値を表示
   511 00000227 B03A                        mov al, ':'         ; 区切り文字を表示
   512 00000229 E8DD01                      call putc
   513 0000022C B030                        mov al, '0'         ; 本来は0000だが、0と簡易表示
   514 0000022E E8D801                      call putc
   515 00000231 E80002                      call putc_crlf
   516                                  
   517                                  .wait_record:
   518 00000234 E8E501                      call getc           ; 開始文字を待つ
   519 00000237 3C3A                        cmp al, ':'
   520 00000239 75F9                        jne .wait_record
   521                                  
   522 0000023B E84902                      call get_hex_byte   ; データ長を読み込み
   523 0000023E 88C1                        mov cl, al          ; データ長をcxレジスタに設定
   524 00000240 B500                        mov ch, 0
   525                                      
   526 00000242 E84202                      call get_hex_byte   ; 上位アドレスを読み込み
   527 00000245 88C7                        mov bh, al
   528 00000247 E83D02                      call get_hex_byte   ; 下位アドレスを読み込み
   529 0000024A 88C3                        mov bl, al
   530                                      
   531 0000024C E83802                      call get_hex_byte   ; レコードタイプを読み込み
   532 0000024F 3C01                        cmp al, 01          ; End of File?
   533 00000251 7419                        je .handle_eof      ; EOFの処理へ
   534 00000253 3C00                        cmp al, 00          ; Data Record?
   535 00000255 751A                        jne .skip_line      ; その他はスキップ
   536                                      
   537 00000257 E309                        jcxz .read_chk      ; データ長がゼロならチェックサム読み込み処理
   538                                      
   539                                  .data_loop:
   540 00000259 E82B02                      call get_hex_byte   ; 1バイト読み取り
   541 0000025C 268807                      mov [es:bx], al     ; ターゲット(ES)へ書き込み
   542 0000025F 43                          inc bx              ; 次のアドレスにする
   543 00000260 E2F7                        loop .data_loop     ; データ長分繰り返す
   544                                      
   545                                  .read_chk:
   546 00000262 E82202                      call get_hex_byte   ; チェックサム読み取り（読み飛ばし）
   547 00000265 B02E                        mov al, '.'         ; 1行読んだことを示す"."を出力
   548 00000267 E89F01                      call putc
   549 0000026A EBC8                        jmp .wait_record    ; 次のレコード読み取りへ
   550                                  
   551                                  .handle_eof:            ; EOFの場合
   552 0000026C E81802                      call get_hex_byte   ; チェックサムを読み飛ばす
   553 0000026F EB02                        jmp .finish         ; 読み込み終了処理へ
   554                                  
   555                                  .skip_line:
   556 00000271 EBC1                        jmp .wait_record    ; 次のレコード読み込みへ
   557                                  
   558                                  .finish:
   559 00000273 07                          pop es              ; RAM用ESを復帰
   560 00000274 E8BD01                      call putc_crlf
   561 00000277 BE[B305]                    mov si, msg_ok      ; "OK"を表示
   562 0000027A E87E01                      call puts
   563 0000027D E994FE                      jmp monitor_loop    ; モニタのメインルーチンに飛ぶ
   564                                  
   565                                  ; =================================================================
   566                                  ; Command: Execute
   567                                  ; Usage:
   568                                  ;   G <Seg> <Off>
   569                                  ; Example: G 1000 0000
   570                                  ; =================================================================
   571                                  do_go:
   572                                      ; Gコマンドは入力後に改行
   573                                      
   574 00000280 E8A801                      call getc_echo      ; Space?
   575 00000283 3C20                        cmp al, ' '
   576 00000285 751F                        jne .go_default     ; 引数なしならリターン(またはエラー)
   577                                      
   578                                      ; 1. セグメント (SSSS) を取得
   579 00000287 E8D801                      call get_hex_word   ; AX = Segment
   580 0000028A 50                          push ax             ; スタックに積む (あとでRETFでCSになる)
   581 0000028B 89C3                        mov bx, ax          ; DS/ES用のために保存しておく
   582                                      
   583                                      ; スペース読み飛ばし (もしあれば)
   584 0000028D E81802                      call skip_space
   585                                      
   586                                      ; 2. オフセット (OOOO) を取得
   587 00000290 E8CF01                      call get_hex_word   ; AX = Offset
   588 00000293 50                          push ax             ; スタックに積む (あとでRETFでIPになる)
   589                                      
   590 00000294 E89D01                      call putc_crlf      ; 実行前に改行
   591 00000297 BE[B605]                    mov si, msg_go
   592 0000029A E85E01                      call puts
   593 0000029D E89401                      call putc_crlf
   594                                      
   595                                      ; 3. 実行環境のセットアップ
   596                                      ; ジャンプ先のプログラムのために、DS, ES もセグメントに合わせておくのが親切
   597 000002A0 8EDB                        mov ds, bx
   598 000002A2 8EC3                        mov es, bx
   599                                  
   600                                      ; 必要なら割り込み禁止 (OSが自分でセットアップするまで黙らせる)
   601 000002A4 FA                          cli
   602                                  
   603                                      ; 4. ジャンプ！ (Far Return)
   604                                      ; スタック上の [IP, CS] をポップして、そこへ飛ぶ
   605 000002A5 CB                          retf                ; Jump!
   606                                  
   607                                  .go_default:
   608 000002A6 E88B01                      call putc_crlf      ; 改行して
   609 000002A9 E968FE                      jmp monitor_loop    ; モニタのメインルーチンに飛ぶ
   610                                  
   611                                  ; ==============================================================
   612                                  ; Command: Write Memory
   613                                  ; Usage:
   614                                  ;   W <Seg> <Off> <Val>
   615                                  ; ==============================================================
   616                                  do_write:    
   617 000002AC E87C01                      call getc_echo      ; Space?
   618 000002AF 3C20                        cmp al, ' '
   619 000002B1 7403E9F601                  jne error           ; 引数なしならリターン(またはエラー)
   620                                  
   621                                      ; 1. セグメント (SSSS) を取得
   622 000002B6 E8A901                      call get_hex_word   ; AX = Segment
   623 000002B9 50                          push ax             ; ターゲットセグメントを保存
   624                                      
   625 000002BA E86E01                      call getc_echo      ; Space?
   626 000002BD 3C20                        cmp al, ' '
   627 000002BF 7403E9E801                  jne error           ; 引数なしならリターン(またはエラー)
   628                                      
   629                                      ; 2. オフセット (OOOO) を取得
   630 000002C4 E89B01                      call get_hex_word   ; AX = Offset
   631 000002C7 50                          push ax             ; ターゲットオフセットを保存
   632                                  
   633 000002C8 E86001                      call getc_echo      ; Space?
   634 000002CB 3C20                        cmp al, ' '
   635 000002CD 7403E9DA01                  jne error           ; 引数なしならリターン(またはエラー)
   636                                  
   637                                      ; 3. 設定データ (VV) を取得
   638 000002D2 E89C01                      call get_hex_byte_echo   ; AL = Value
   639                                  
   640 000002D5 5B                          pop bx              ; bx = Offset
   641 000002D6 5A                          pop dx              ; dx = Target Segment
   642                                  
   643                                      ; 次回のDコマンドのためにダンプ位置変数を更新する
   644 000002D7 8916[FA06]                  mov [dump_seg], dx
   645 000002DB 891E[FC06]                  mov [dump_off], bx
   646                                      
   647 000002DF 8EDA                        mov ds, dx          ; DS再設定
   648 000002E1 3E8807                      mov [ds:bx], al     ; 書き込み！
   649                                      
   650 000002E4 0E                          push cs             ; DSを復帰 (CS=DS前提のモニタなので)
   651 000002E5 1F                          pop ds
   652                                  
   653 000002E6 BE[D905]                    mov si, msg_done
   654 000002E9 E80F01                      call puts
   655 000002EC E925FE                      jmp monitor_loop
   656                                  
   657                                  ; ==============================================================
   658                                  ; Command: Input from Port
   659                                  ; Usage:
   660                                  ;   I <Port>
   661                                  ; ==============================================================
   662                                  do_in:
   663 000002EF E83901                      call getc_echo
   664 000002F2 3C20                        cmp al, ' '         ; スペースがあればパラメタ付きと判断
   665 000002F4 7403E9B301                  jne error           ; パラメタが無い場合はエラー処理へ
   666                                  
   667 000002F9 E86601                      call get_hex_word   ; ポートアドレスを取得
   668 000002FC 89C2                        mov dx, ax          ; 保存
   669 000002FE EC                          in al, dx           ; I/O Read
   670                                      
   671 000002FF 50                          push ax
   672 00000300 E83101                      call putc_crlf      ; メッセージ表示前に改行
   673 00000303 BE[D305]                    mov si, msg_in_res
   674 00000306 E8F200                      call puts
   675 00000309 58                          pop ax
   676                                  
   677 0000030A E83701                      call print_hex_byte ; 値を表示
   678                                  
   679 0000030D E82401                      call putc_crlf      ; 改行して
   680 00000310 E901FE                      jmp monitor_loop    ; モニタのメインルーチンに飛ぶ
   681                                  
   682                                  ; ==============================================================
   683                                  ; Command: Output to Port
   684                                  ; Usage
   685                                  ;   O <Port> <Val>
   686                                  ; ==============================================================
   687                                  do_out:
   688 00000313 E81501                      call getc_echo
   689 00000316 3C20                        cmp al, ' '         ; スペースがあればパラメタ付きと判断
   690 00000318 7403E98F01                  jne error           ; パラメタが無い場合はエラー処理へ
   691                                  
   692 0000031D E84201                      call get_hex_word   ; ポートアドレスを取得
   693 00000320 50                          push ax             ; スタックに積む
   694                                  
   695 00000321 E80701                      call getc_echo
   696 00000324 3C20                        cmp al, ' '         ; スペースがあれば第2パラメタがあると判断
   697 00000326 750E                        jne error_pop       ; 第2パラメタが無い場合はエラー処理へ
   698                                      
   699 00000328 E84601                      call get_hex_byte_echo   ; 出力値を取得
   700 0000032B 5A                          pop dx              ; スタックからDXにセット
   701                                      
   702 0000032C EE                          out dx, al          ; I/O Write
   703                                      
   704 0000032D BE[D905]                    mov si, msg_done    ; DONEを表示。改行付き。
   705 00000330 E8C800                      call puts
   706 00000333 E9DEFD                      jmp monitor_loop    ; モニタのメインルーチンに飛ぶ
   707                                  
   708                                  error_pop:
   709 00000336 58                          pop ax              ; 使わなかったスタックを捨てる
   710 00000337 E97201                      jmp error
   711                                  
   712                                  ; ==============================================================
   713                                  ; Command: Scan I/O Ports
   714                                  ; Usage:
   715                                  ;   S <Start_port> <End_port>
   716                                  ; Description: Reads ports and prints if value is NOT 0xFF
   717                                  ; ==============================================================
   718                                  do_scan:
   719 0000033A E8EE00                      call getc_echo
   720 0000033D 3C20                        cmp al, ' '         ; スペースがあればパラメタ付きと判断
   721 0000033F 7403E96801                  jne error           ; パラメタが無い場合はエラー処理へ
   722                                  
   723 00000344 E81B01                      call get_hex_word   ; スタートポートアドレスを取得
   724 00000347 89C3                        mov bx, ax          ; BX = Start Address
   725                                      
   726 00000349 E8DF00                      call getc_echo
   727 0000034C 3C20                        cmp al, ' '         ; スペースがあれば第2パラメタがあると判断
   728 0000034E 75E6                        jne error_pop       ; 第2パラメタが無い場合はエラー処理へ
   729                                  
   730 00000350 E80F01                      call get_hex_word   ; エンドポートアドレスを取得
   731 00000353 89C1                        mov cx, ax          ; CX = End Address
   732                                  
   733 00000355 39CB                        cmp bx, cx          ; 開始 > 終了 ならエラー終了
   734 00000357 7603E95001                  ja error
   735                                  
   736 0000035C E8D500                      call putc_crlf
   737 0000035F BE[6706]                    mov si, msg_scan_start
   738 00000362 E89600                      call puts
   739                                  
   740                                  .scan_loop:
   741 00000365 89DA                        mov dx, bx          ; DXにポートアドレス設定
   742 00000367 EC                          in al, dx           ; I/O Read
   743                                  
   744 00000368 3CFF                        cmp al, 0xFF        ; 0xFF (Empty Bus) なら表示しない
   745 0000036A 741D                        je .next_port
   746                                  
   747 0000036C 50                          push ax             ; Readした値をスタックに保存
   748                                  
   749                                      ; --- 有効な値が見つかった場合の表示 ---
   750                                      ; [Port]: Value
   751 0000036D 89D8                        mov ax, bx
   752 0000036F E8CB00                      call print_hex_word ; ポートアドレスの表示
   753 00000372 B03A                        mov al, ':'
   754 00000374 E89200                      call putc
   755 00000377 B020                        mov al, ' '
   756 00000379 E88D00                      call putc
   757                                      
   758 0000037C 58                          pop ax
   759 0000037D E8C400                      call print_hex_byte ; Readした値の表示
   760                                      
   761 00000380 BE[9206]                    mov si, msg_space   ; "  "
   762 00000383 E87500                      call puts
   763                                  
   764                                      ; 1行に見やすく並べるため、適当な間隔で改行を入れる等の工夫も可能ですが
   765                                      ; ここでは単純にリスト形式で改行します
   766 00000386 E8AB00                      call putc_crlf
   767                                  
   768                                  .next_port:
   769 00000389 43                          inc bx              ; 次のアドレスへ
   770                                      
   771                                      ; キー入力チェック（長いスキャンを中断できるようにする）
   772 0000038A BA6112                      mov dx, SCU_SST
   773 0000038D EC                          in al, dx
   774 0000038E A802                        test al, RX_READY   ; RxRDY?
   775 00000390 750D                        jnz .abort          ; 何かキーが押されたら中断
   776                                  
   777 00000392 39CB                        cmp bx, cx
   778 00000394 76CF                        jbe .scan_loop      ; BX <= CX ならループ
   779                                  
   780 00000396 BE[D905]                    mov si, msg_done
   781 00000399 E85F00                      call puts
   782 0000039C E975FD                      jmp monitor_loop
   783                                  
   784                                  .abort:
   785                                      ; 入力バッファを空読みしておく
   786 0000039F BA6012                      mov dx, SCU_DATA
   787 000003A2 EC                          in al, dx
   788 000003A3 BE[9506]                    mov si, msg_abort
   789 000003A6 E85200                      call puts
   790 000003A9 E968FD                      jmp monitor_loop
   791                                  
   792                                  ; ==============================================================
   793                                  ; Command: Timer (ms)
   794                                  ;   T          -> Show current tick counter (32-bit HEX)
   795                                  ;   T <val>    -> Wait for <val> ticks (10ms unit)
   796                                  ; ==============================================================
   797                                  do_timer:
   798 000003AC E87C00                      call getc_echo      ; コマンド('T')の次の文字を取得
   799 000003AF 3C0D                        cmp al, 0x0D        ; Enterキー(CR)なら表示モードへ
   800 000003B1 7421                        je .show_counter
   801 000003B3 3C20                        cmp al, ' '         ; スペースならWaitモードへ
   802 000003B5 7403E9F200                  jne error           ; それ以外はエラー
   803                                  
   804                                      ; --- Wait Mode (引数あり: T 0064 等) ---
   805 000003BA E8A500                      call get_hex_word   ; AX = 待ち時間 (0064h = 1秒)
   806                                  
   807                                      ; 開始時刻を保存 (Start Time)
   808 000003BD 8B1E[0007]                  mov bx, [tick_counter_lo]
   809                                  
   810                                  .wait_loop:
   811                                      ; 1. 現在時刻を取得
   812 000003C1 8B0E[0007]                  mov cx, [tick_counter_lo]
   813                                      
   814                                      ; 2. 経過時間を計算 (Current - Start)
   815                                      ; オーバーフローしても、この引き算の結果は正しい経過時間になる
   816 000003C5 29D9                        sub cx, bx          
   817                                      
   818                                      ; 3. 経過時間 < 待ち時間 ならループ継続
   819 000003C7 39C1                        cmp cx, ax
   820 000003C9 72F6                        jb .wait_loop       ; Jump if Below (unsigned compare)
   821                                  
   822                                      ; 指定時間経過した
   823 000003CB BE[D905]                    mov si, msg_done
   824 000003CE E82A00                      call puts
   825 000003D1 E940FD                      jmp monitor_loop
   826                                  
   827                                  .show_counter:
   828                                      ; --- Show Counter Mode (引数なし: Tのみ) ---
   829 000003D4 E85D00                      call putc_crlf
   830                                      
   831 000003D7 BE[A006]                    mov si, msg_tick    ; "Tick: "
   832 000003DA E81E00                      call puts
   833                                  
   834                                      ; 32bitカウンタを [High][Low] の順で表示
   835 000003DD A1[0207]                    mov ax, [tick_counter_hi]
   836 000003E0 E85A00                      call print_hex_word
   837 000003E3 A1[0007]                    mov ax, [tick_counter_lo]
   838 000003E6 E85400                      call print_hex_word
   839                                      
   840 000003E9 E84800                      call putc_crlf
   841 000003EC E925FD                      jmp monitor_loop
   842                                  
   843                                  ; ==============================================================
   844                                  ; Command: Help
   845                                  ; ==============================================================
   846                                  cmd_help:
   847 000003EF E84200                      call putc_crlf
   848 000003F2 BE[E505]                    mov si, msg_help
   849 000003F5 E80300                      call puts
   850 000003F8 E919FD                      jmp monitor_loop
   851                                  
   852                                  ; =================================================================
   853                                  ; Utilities
   854                                  ; =================================================================
   855                                  
   856                                  ; 文字列出力
   857                                  puts:
   858 000003FB 2E8A04                      mov al, [cs:si]
   859 000003FE 08C0                        or al, al
   860 00000400 7406                        jz .ret
   861 00000402 E80400                      call putc
   862 00000405 46                          inc si
   863 00000406 EBF3                        jmp puts
   864 00000408 C3                      .ret: ret
   865                                  
   866                                  ; 1文字出力
   867                                  putc:
   868 00000409 52                          push dx
   869 0000040A 50                          push ax
   870 0000040B BA6112                      mov dx, SCU_SST
   871 0000040E EC                      .w: in al, dx
   872 0000040F A801                        test al, TX_READY  ; TX Ready?
   873 00000411 74FB                        jz .w
   874 00000413 BA6012                      mov dx, SCU_DATA
   875 00000416 58                          pop ax
   876 00000417 50                          push ax
   877 00000418 EE                          out dx, al
   878 00000419 58                          pop ax
   879 0000041A 5A                          pop dx
   880 0000041B C3                          ret
   881                                  
   882                                  ; 1文字入力
   883                                  getc:
   884 0000041C 52                          push dx
   885 0000041D BA6112                      mov dx, SCU_SST
   886 00000420 EC                      .w: in al, dx
   887 00000421 A802                        test al, RX_READY  ; RX Ready?
   888 00000423 74FB                        jz .w
   889 00000425 BA6012                      mov dx, SCU_DATA
   890 00000428 EC                          in al, dx
   891 00000429 5A                          pop dx
   892 0000042A C3                          ret
   893                                  
   894                                  ; 1文字入力　エコーバックあり
   895                                  getc_echo:
   896 0000042B E8EEFF                      call getc
   897 0000042E 50                          push ax
   898 0000042F E8D7FF                      call putc
   899 00000432 58                          pop ax
   900 00000433 C3                          ret
   901                                  
   902                                  ; 改行出力
   903                                  putc_crlf:
   904 00000434 B00D                        mov al, 0x0D
   905 00000436 E8D0FF                      call putc
   906 00000439 B00A                        mov al, 0x0A
   907 0000043B EBCC                        jmp putc
   908                                  
   909                                  ; -----------------------------------------------------------------
   910                                  ; Helper: 1ワードを4文字のHEXで表示 (例: 0x2F3F -> "2", "F", "3", "F")
   911                                  ; Input: AX
   912                                  ; -----------------------------------------------------------------
   913                                  print_hex_word:
   914 0000043D 50                          push ax
   915 0000043E 88E0                        mov al, ah
   916 00000440 E80100                      call print_hex_byte
   917 00000443 58                          pop ax
   918                                  
   919                                  ; -----------------------------------------------------------------
   920                                  ; Helper: 1バイトを2文字のHEXで表示 (例: 0x3F -> "3", "F")
   921                                  ; Input: AL
   922                                  ; -----------------------------------------------------------------
   923                                  print_hex_byte:
   924 00000444 50                          push ax
   925 00000445 51                          push cx
   926                                  
   927                                      ; 上位バイトの表示
   928 00000446 50                          push ax
   929 00000447 C0E804                      shr al, 4
   930 0000044A E80900                      call .digit
   931                                  
   932                                      ; 下位バイトの表示
   933 0000044D 58                          pop ax
   934 0000044E 240F                        and al, 0x0F
   935 00000450 E80300                      call .digit
   936                                  
   937 00000453 59                          pop cx
   938 00000454 58                          pop ax
   939 00000455 C3                          ret
   940                                  
   941                                  ; 数値を16進数文字に変換して表示 (0-15 -> 0-9, A-F)
   942                                  .digit:
   943 00000456 0430                        add al, '0'
   944 00000458 3C39                        cmp al, '9'
   945 0000045A 7602                        jbe .p
   946 0000045C 0407                        add al, 7
   947 0000045E E8A8FF                  .p: call putc
   948 00000461 C3                          ret
   949                                  
   950                                  ; -----------------------------------------------------------------
   951                                  ; Helper: 4文字のHEXを受信して1ワード(16bit)の数値にする
   952                                  ; Input:  Serial (例: "1", "0", "0", "0")
   953                                  ; Output: AX = 0x1000
   954                                  ; -----------------------------------------------------------------
   955                                  get_hex_word:
   956 00000462 53                          push bx
   957 00000463 E80B00                      call get_hex_byte_echo
   958 00000466 88C7                        mov bh, al
   959 00000468 E80600                      call get_hex_byte_echo
   960 0000046B 88C3                        mov bl, al
   961 0000046D 89D8                        mov ax, bx
   962 0000046F 5B                          pop bx
   963 00000470 C3                          ret
   964                                  
   965                                  ; 16進数2桁入力　エコーバック有り
   966                                  get_hex_byte_echo:
   967 00000471 53                          push bx
   968 00000472 E8B6FF                      call getc_echo
   969 00000475 E82500                      call hex_char_to_bin
   970 00000478 C0E004                      shl al, 4
   971 0000047B 88C3                        mov bl, al
   972 0000047D E8ABFF                      call getc_echo
   973 00000480 E81A00                      call hex_char_to_bin
   974 00000483 08D8                        or al, bl
   975 00000485 5B                          pop bx
   976 00000486 C3                          ret
   977                                  
   978                                  ; -----------------------------------------------------------------
   979                                  ; Helper: 2文字のHEXを受信して1バイトの数値にする
   980                                  ; Input:  Serial (例: "3", "F")
   981                                  ; Output: AL = 0x3F
   982                                  ; -----------------------------------------------------------------
   983                                  get_hex_byte:
   984 00000487 53                          push bx             ; BH/BLを使うので退避（メインでアドレス用に使ってるため重要）
   985                                  
   986                                      ; 上位4bit
   987 00000488 E891FF                      call getc
   988 0000048B E80F00                      call hex_char_to_bin
   989 0000048E C0E004                      shl al, 4
   990 00000491 88C3                        mov bl, al          ; 一時保存
   991                                      
   992                                      ; 下位4bit
   993 00000493 E886FF                      call getc
   994 00000496 E80400                      call hex_char_to_bin
   995 00000499 08D8                        or al, bl           ; 上位を合成して結果はALへ
   996 0000049B 5B                          pop bx
   997 0000049C C3                          ret
   998                                  
   999                                  ; -----------------------------------------------------------------
  1000                                  ; Helper: ASCII文字を数値へ (0-9, A-F -> 0-15)
  1001                                  ; Input: AL (ASCII)
  1002                                  ; Output: AL (Binary)
  1003                                  ; -----------------------------------------------------------------
  1004                                  hex_char_to_bin:
  1005 0000049D 2C30                        sub al, '0'
  1006 0000049F 3C09                        cmp al, 9
  1007 000004A1 7604                        jbe .done
  1008 000004A3 2C07                        sub al, 7           ; 'A'-'F'対応
  1009 000004A5 240F                        and al, 0x0F        ; 小文字対応も含めてざっくりマスク
  1010                                  .done:
  1011 000004A7 C3                          ret
  1012                                  
  1013                                  ; -----------------------------------------------------------------
  1014                                  ; Helper: スペースなどを読み飛ばす
  1015                                  ; -----------------------------------------------------------------
  1016                                  skip_space:
  1017 000004A8 E880FF                      call getc_echo
  1018 000004AB C3                          ret
  1019                                  
  1020                                  ; -----------------------------------------------------------------
  1021                                  ; Helper: エラーメッセージ出力後モニタに戻る
  1022                                  ; -----------------------------------------------------------------
  1023                                  error:
  1024 000004AC BE[BD05]                    mov si, msg_error
  1025 000004AF E849FF                      call puts
  1026 000004B2 E95FFC                      jmp monitor_loop
  1027                                  
  1028                                  ;==========================================================
  1029                                  ; NMI (ABORT) Handler
  1030                                  ;==========================================================
  1031                                  
  1032                                  NMI_Handler:
  1033                                      ; 1. 全レジスタを退避 (V53は80186互換なのでPUSHAが使えます)
  1034 000004B5 60                          pusha               ; DI, SI, BP, SP, BX, DX, CX, AX の順でPush
  1035 000004B6 1E                          push ds
  1036 000004B7 06                          push es
  1037                                  
  1038                                      ; 2. セグメントをモニタ用に設定 (表示ルーチンを使うため)
  1039 000004B8 8CC8                        mov  ax, cs
  1040 000004BA 8ED8                        mov  ds, ax
  1041 000004BC 8EC0                        mov  es, ax
  1042                                  
  1043                                      ; 3. スタックフレームへのポインタ設定
  1044 000004BE 89E5                        mov  bp, sp
  1045                                  
  1046                                      ; --- 画面表示 ---
  1047 000004C0 BE[A706]                    mov  si, msg_nmi
  1048 000004C3 E835FF                      call puts           ; " *** ABORT INTERRUPT ***"
  1049                                  
  1050                                      ; 3. レジスタ表示 (スタックから読み出して表示)
  1051                                      ; Stack Layout after pushes:
  1052                                      ; BP+0: ES
  1053                                      ; BP+2: DS
  1054                                      ; BP+4: DI
  1055                                      ; BP+6: SI
  1056                                      ; BP+8: BP (Old)
  1057                                      ; BP+10: SP (Original)
  1058                                      ; BP+12: BX
  1059                                      ; BP+14: DX
  1060                                      ; BP+16: CX
  1061                                      ; BP+18: AX
  1062                                      ; BP+20: IP (Return Addr)
  1063                                      ; BP+22: CS (Return Addr)
  1064                                      ; BP+24: Flags
  1065                                      
  1066                                      ; AX
  1067 000004C6 BE[BF06]                    mov  si, msg_ax
  1068 000004C9 E82FFF                      call puts
  1069 000004CC 8B4612                      mov  ax, [bp+18]        ; PUSHAで保存されたAX
  1070 000004CF E86BFF                      call print_hex_word     ; 4桁HEX表示ルーチン
  1071                                  
  1072                                      ; BX
  1073 000004D2 BE[C406]                    mov  si, msg_bx
  1074 000004D5 E823FF                      call puts
  1075 000004D8 8B460C                      mov  ax, [bp+12]
  1076 000004DB E85FFF                      call print_hex_word
  1077                                  
  1078                                      ; CX
  1079 000004DE BE[C906]                    mov  si, msg_cx
  1080 000004E1 E817FF                      call puts
  1081 000004E4 8B4610                      mov  ax, [bp+16]
  1082 000004E7 E853FF                      call print_hex_word
  1083                                  
  1084                                      ; DX
  1085 000004EA BE[CE06]                    mov  si, msg_dx
  1086 000004ED E80BFF                      call puts
  1087 000004F0 8B460E                      mov  ax, [bp+14]
  1088 000004F3 E847FF                      call print_hex_word
  1089                                  
  1090 000004F6 E83BFF                      call putc_crlf
  1091                                  
  1092                                      ; --- 中断地点 (CS:IP) の表示 ---
  1093                                      ; PUSHA(16byte) + DS(2) + ES(2) = 20byte
  1094                                      ; その上が割り込み発生時の IP, CS, Flags です
  1095                                      
  1096 000004F9 BE[D306]                    mov  si, msg_addr
  1097 000004FC E8FCFE                      call puts           ; " Stop at "
  1098 000004FF 8B4616                      mov  ax, [bp+22]    ; Stack上の CS
  1099 00000502 E838FF                      call print_hex_word
  1100 00000505 B03A                        mov  al, ':'
  1101 00000507 E8FFFE                      call putc
  1102 0000050A 8B4614                      mov  ax, [bp+20]    ; Stack上の IP
  1103 0000050D E82DFF                      call print_hex_word
  1104                                  
  1105 00000510 E821FF                      call putc_crlf
  1106                                  
  1107                                      ; 4. 復帰処理
  1108                                      ; ここでモニタのコマンド待ちへ強制ジャンプします
  1109                                      ; (レジスタはスタックに残ったままになりますが、モニタ再起動でリセットされる前提)
  1110 00000513 E9EAFA                      jmp  start  ; モニタの開始ラベルへ
  1111                                  
  1112                                  ; ==========================================================
  1113                                  ; Default Interrupt Handler (Trap for unused interrupts)
  1114                                  ; ==========================================================
  1115                                  
  1116                                  ; --- 共通処理部 (Common Handler) ---
  1117                                  _default_int_handler:
  1118 00000516 55                          push bp
  1119 00000517 89E5                        mov  bp, sp
  1120 00000519 60                          pusha               ; 全レジスタ保存 (AX,CX,DX,BX,SP,BP,SI,DI)
  1121 0000051A 1E                          push ds
  1122 0000051B 06                          push es
  1123                                  
  1124                                      ; セグメント設定 (Tiny Model的な動作のためCSをDS/ESにコピー)
  1125 0000051C 8CC8                        mov  ax, cs
  1126 0000051E 8ED8                        mov  ds, ax
  1127 00000520 8EC0                        mov  es, ax
  1128                                  
  1129                                      ; --- メッセージ表示 ---
  1130 00000522 BE[E506]                    mov  si, msg_int_trap
  1131 00000525 E8D3FE                      call puts           ; "** INT "
  1132                                  
  1133                                      ; --- ベクタ番号の表示 ---
  1134                                      ; スタック構造:
  1135                                      ; [BP+0] Old BP
  1136                                      ; [BP+2] Vector Number (スタブでPUSHした値: 16bit)
  1137                                      ; [BP+4] Return IP ...
  1138                                      
  1139 00000528 8B4602                      mov  ax, [bp+2]     ; ベクタ番号を取得
  1140 0000052B E816FF                      call print_hex_byte ; 表示 (例: 25)
  1141                                  
  1142 0000052E BE[ED06]                    mov  si, msg_detected
  1143 00000531 E8C7FE                      call puts           ; " detected **" (改行含む)
  1144                                  
  1145                                      ; --- EOI (End of Interrupt) to PIC, ICU ---
  1146 00000534 B020                        mov al, 20h         ; Non-specific EOI
  1147 00000536 E6C8                        out PIC_REG0, al    ; 外部PIC (Slave) の割り込み完了
  1148 00000538 BA8012                      mov dx, ICU_REG0    ; V53内蔵ICU (Master) の割り込み完了
  1149 0000053B EE                          out dx, al
  1150                                  
  1151 0000053C 07                          pop  es
  1152 0000053D 1F                          pop  ds
  1153 0000053E 61                          popa
  1154 0000053F 5D                          pop  bp
  1155 00000540 83C402                      add  sp, 2          ; スタブでPUSHしたベクタ番号分(2byte)をスタックから捨てる
  1156 00000543 CF                          iret
  1157                                  
  1158                                  ; --- 各ベクタ用スタブ (Entry Points) ---
  1159                                  ; ベクタ番号をスタックに積んで共通処理へジャンプします
  1160                                  
  1161 00000544 6A20                    _isr_stub_20: push 0x0020       ; ICU INTP0
  1162 00000546 EBCE                                  jmp _default_int_handler
  1163 00000548 6A21                    _isr_stub_21: push 0x0021       ; ICU INTP1
  1164 0000054A EBCA                                  jmp _default_int_handler
  1165 0000054C 6A22                    _isr_stub_22: push 0x0022       ; ICU INTP2
  1166 0000054E EBC6                                  jmp _default_int_handler
  1167 00000550 6A23                    _isr_stub_23: push 0x0023       ; ICU INTP3
  1168 00000552 EBC2                                  jmp _default_int_handler
  1169 00000554 6A24                    _isr_stub_24: push 0x0024       ; ICU INTP4
  1170 00000556 EBBE                                  jmp _default_int_handler
  1171 00000558 6A25                    _isr_stub_25: push 0x0025       ; ICU INTP5
  1172 0000055A EBBA                                  jmp _default_int_handler
  1173 0000055C 6A26                    _isr_stub_26: push 0x0026       ; ICU INTP6
  1174 0000055E EBB6                                  jmp _default_int_handler
  1175                                  
  1176                                  ; Note: Vector 27h (INTP7) は _tick_handler で使用中なのでここには含めません
  1177                                  
  1178                                  ;==========================================================
  1179                                  ; Tick Handler
  1180                                  ;==========================================================
  1181                                  _tick_handler:
  1182 00000560 50                          push ax
  1183 00000561 52                          push dx
  1184                                  
  1185                                      ; CS (コードセグメント) と DS (データセグメント) を合わせる
  1186                                      ; (Tiny Model的な動作のため)
  1187 00000562 8CC8                        mov ax, cs
  1188 00000564 8ED8                        mov ds, ax
  1189                                  
  1190                                      ; --- 32bit カウンタのインクリメント ---
  1191 00000566 FF06[0007]                  inc word [tick_counter_lo]
  1192 0000056A 7504                        jnz .skip_carry
  1193 0000056C FF06[0207]                  inc word [tick_counter_hi]
  1194                                  .skip_carry:
  1195                                  
  1196                                      ; --- EOI (End of Interrupt) to PIC ---
  1197 00000570 B020                        mov al, 20h     ; Non-specific EOI
  1198                                  
  1199                                      ; 外部PIC (Slave) の割り込み完了
  1200 00000572 E6C8                        out PIC_REG0, al
  1201                                  
  1202                                      ; V53内蔵ICU (Master) の割り込み完了
  1203 00000574 BA8012                      mov dx, ICU_REG0 
  1204 00000577 EE                          out dx, al
  1205                                  
  1206 00000578 5A                          pop dx
  1207 00000579 58                          pop ax
  1208 0000057A CF                          iret
  1209                                  
  1210                                  ; =================================================================
  1211                                  ; Data
  1212                                  ; =================================================================
  1213 0000057B 0D0A2A2A2020563533-     msg_boot: db 0x0D,0x0A,"**  V53 RAM MONITOR v0.7 2026-01-31  **",0x0D,0x0A,0
  1213 00000584 2052414D204D4F4E49-
  1213 0000058D 544F522076302E3720-
  1213 00000596 323032362D30312D33-
  1213 0000059F 3120202A2A0D0A00   
  1214 000005A7 4C6F6164204845582E-     msg_load: db "Load HEX...",0
  1214 000005B0 2E2E00             
  1215 000005B3 4F4B00                  msg_ok:   db "OK",0
  1216 000005B6 476F2100                msg_go:   db "Go!",0
  1217                                  
  1218 000005BA 3E2000                  msg_prompt: db "> ", 0
  1219 000005BD 4572726F720D0A00        msg_error:  db "Error", 0x0D, 0x0A, 0
  1220 000005C5 556E6B6E6F776E2063-     msg_unknown:db "Unknown cmd", 0x0D, 0x0A, 0
  1220 000005CE 6D640D0A00         
  1221 000005D3 56616C3A2000            msg_in_res: db "Val: ", 0
  1222 000005D9 20446F6E650D0A00        msg_done:   db " Done", 0x0D, 0x0A, 0
  1223 000005E1 207C2000                msg_bar:    db " | ", 0
  1224 000005E5 436D64733A2044203C-     msg_help:   db "Cmds: D <Seg> <Off>, L <Seg>, G <Seg> <Off>, W <Seg> <Off> <Val>, I <Port>, O <Port> <Val>, S <Start_port> <End_port>, T <ms> ?", 0x0D, 0x0A, 0
  1224 000005EE 5365673E203C4F6666-
  1224 000005F7 3E2C204C203C536567-
  1224 00000600 3E2C2047203C536567-
  1224 00000609 3E203C4F66663E2C20-
  1224 00000612 57203C5365673E203C-
  1224 0000061B 4F66663E203C56616C-
  1224 00000624 3E2C2049203C506F72-
  1224 0000062D 743E2C204F203C506F-
  1224 00000636 72743E203C56616C3E-
  1224 0000063F 2C2053203C53746172-
  1224 00000648 745F706F72743E203C-
  1224 00000651 456E645F706F72743E-
  1224 0000065A 2C2054203C6D733E20-
  1224 00000663 3F0D0A00           
  1225 00000667 5363616E6E696E6720-     msg_scan_start: db "Scanning I/O (Press any key to abort)...", 0x0D, 0x0A, 0
  1225 00000670 492F4F202850726573-
  1225 00000679 7320616E79206B6579-
  1225 00000682 20746F2061626F7274-
  1225 0000068B 292E2E2E0D0A00     
  1226 00000692 202000                  msg_space:      db "  ", 0
  1227 00000695 41626F727465642E0D-     msg_abort:      db "Aborted.", 0x0D, 0x0A, 0
  1227 0000069E 0A00               
  1228 000006A0 5469636B3A2000          msg_tick:   db "Tick: ", 0
  1229                                  
  1230                                  ; --- NMIハンドラメッセージ定義 ---
  1231 000006A7 0D0A2A2A2A2041424F-     msg_nmi:  db 0x0D, 0x0A, "*** ABORT (NMI) ***", 0x0D, 0x0A, 0
  1231 000006B0 525420284E4D492920-
  1231 000006B9 2A2A2A0D0A00       
  1232 000006BF 2041583D00              msg_ax:   db " AX=", 0
  1233 000006C4 2042583D00              msg_bx:   db " BX=", 0
  1234 000006C9 2043583D00              msg_cx:   db " CX=", 0
  1235 000006CE 2044583D00              msg_dx:   db " DX=", 0
  1236 000006D3 2053746F7020617420-     msg_addr: db " Stop at CS:IP = ", 0
  1236 000006DC 43533A4950203D2000 
  1237                                  
  1238                                  ; 割り込み標準ハンドラメッセージ
  1239 000006E5 2A2A20494E542000        msg_int_trap: db "** INT ", 0
  1240 000006ED 206465746563746564-     msg_detected: db " detected **", 0
  1240 000006F6 202A2A00           
  1241                                  
  1242                                  ; 変数
  1243 000006FA 0000                    dump_seg:   dw  0x0000  ; Dump: セグメント保存用
  1244 000006FC 0000                    dump_off:   dw  0x0000  ; Dump: オフセット保存用
  1245 000006FE 0000                    load_seg:   dw  0x0000  ; Load: ターゲットセグメント
  1246 00000700 0000                    tick_counter_lo: dw 0x0000  ; Tick: 下位16bit
  1247 00000702 0000                    tick_counter_hi: dw 0x0000  ; Tick: 上位16bit
